I'm sorry, but errors were detected in your script. Please correct the
errors listed below, and try again.


File "game/cardgame.rpy", line 677: expected 'image_name_component' not found.
    show "arena2.png"
         ^

Ren'Py Version: Ren'Py 7.4.2.1292
Sun Feb 28 18:39:34 2021
